# Node / cluster identity — captured 2026-08-17 05:26:58 UTC

$ curl -s https://cn-api.sg.testnet.t3n.terminal3.io/api/trust-manifest
  {
    "cluster": "testnet",
    "version": 1786457685,
    "peer_ids": [
      "QmPk4AtbFore74fJoP4CoS9Q96TvRvoQWR4VmkYtkBLmwz",
      "QmQBh7yAKG1kwxsEjdMAToDkWSkZiXhoXgxb1oytKi2nXu",
      "QmSGy7LgDCF796PH6ctS7LZ5U5TpWZjq6EU5S4NvaNk6cJ"
    ],
    "rtmr3_allowlist": [
      "FvNRLritLtHrEC6JkzoFQRkPX859TqXLeqknOg/2q0KFKHcA1pVf0u20T5ZCadSp"
    ],
    "signed_at": "2026-08-11T14:14:45Z",
    "signature": "4b98ecb3efd1fac5f85d60cde2eea7063a0fb025148f0efa4348d4b27072da2440f41653fd4d0051c1bb9d4a0fa34e924cc788f2b190d20ab7f7c5c193b18f3b"
  }

$ npm view @terminal3/t3n-sdk version
  4.39.1

$ node -p "require('./node_modules/@terminal3/t3n-sdk/package.json').version"  # installed
  4.39.1

# Evidence that the SDK never sends script_name:
$ grep -c 'script_name' node_modules/@terminal3/t3n-sdk/dist/index.esm.js
  0
$ grep -n 'script_name' node_modules/@terminal3/t3n-sdk/dist/index.d.ts
  1907:    script_name: string;
  1911:    script_name: string;
  (both occurrences are inside ChargeReason — a token.get-usage RESPONSE type)
